Archive member included because of file (symbol)

/Users/briangomberg/pebble-dev/PebbleSDK-3.0-dp9/Pebble/basalt/lib/libpebble.a(tmpmO2B2lpebble.o)
                              src/main.c.5.o (app_event_loop)
/Users/briangomberg/arm-cs-tools/bin/../lib/gcc/arm-none-eabi/4.8.4/../../../../arm-none-eabi/lib/armv7-m/libc.a(lib_a-exit.o)
                              /Users/briangomberg/arm-cs-tools/bin/../lib/gcc/arm-none-eabi/4.8.4/../../../../arm-none-eabi/lib/armv7-m/crt0.o (exit)
/Users/briangomberg/arm-cs-tools/bin/../lib/gcc/arm-none-eabi/4.8.4/../../../../arm-none-eabi/lib/armv7-m/libc.a(lib_a-impure.o)
                              /Users/briangomberg/arm-cs-tools/bin/../lib/gcc/arm-none-eabi/4.8.4/../../../../arm-none-eabi/lib/armv7-m/libc.a(lib_a-exit.o) (_global_impure_ptr)
/Users/briangomberg/arm-cs-tools/bin/../lib/gcc/arm-none-eabi/4.8.4/../../../../arm-none-eabi/lib/armv7-m/libc.a(lib_a-init.o)
                              /Users/briangomberg/arm-cs-tools/bin/../lib/gcc/arm-none-eabi/4.8.4/../../../../arm-none-eabi/lib/armv7-m/crt0.o (__libc_init_array)
/Users/briangomberg/arm-cs-tools/bin/../lib/gcc/arm-none-eabi/4.8.4/../../../../arm-none-eabi/lib/armv7-m/libc.a(lib_a-__call_atexit.o)
                              /Users/briangomberg/arm-cs-tools/bin/../lib/gcc/arm-none-eabi/4.8.4/../../../../arm-none-eabi/lib/armv7-m/libc.a(lib_a-exit.o) (__call_exitprocs)
/Users/briangomberg/arm-cs-tools/bin/../lib/gcc/arm-none-eabi/4.8.4/../../../../arm-none-eabi/lib/armv7-m/libc.a(lib_a-atexit.o)
                              /Users/briangomberg/arm-cs-tools/bin/../lib/gcc/arm-none-eabi/4.8.4/../../../../arm-none-eabi/lib/armv7-m/libc.a(lib_a-__call_atexit.o) (atexit)
/Users/briangomberg/arm-cs-tools/bin/../lib/gcc/arm-none-eabi/4.8.4/../../../../arm-none-eabi/lib/armv7-m/libc.a(lib_a-fini.o)
                              /Users/briangomberg/arm-cs-tools/bin/../lib/gcc/arm-none-eabi/4.8.4/../../../../arm-none-eabi/lib/armv7-m/libc.a(lib_a-__call_atexit.o) (__libc_fini_array)
/Users/briangomberg/arm-cs-tools/bin/../lib/gcc/arm-none-eabi/4.8.4/../../../../arm-none-eabi/lib/armv7-m/libc.a(lib_a-__atexit.o)
                              /Users/briangomberg/arm-cs-tools/bin/../lib/gcc/arm-none-eabi/4.8.4/../../../../arm-none-eabi/lib/armv7-m/libc.a(lib_a-atexit.o) (__register_exitproc)

Discarded input sections

 .text          0x0000000000000000        0x0 /Users/briangomberg/arm-cs-tools/bin/../lib/gcc/arm-none-eabi/4.8.4/armv7-m/crti.o
 .bss           0x0000000000000000        0x0 /Users/briangomberg/arm-cs-tools/bin/../lib/gcc/arm-none-eabi/4.8.4/armv7-m/crti.o
 .init          0x0000000000000000        0x4 /Users/briangomberg/arm-cs-tools/bin/../lib/gcc/arm-none-eabi/4.8.4/armv7-m/crti.o
 .fini          0x0000000000000000        0x4 /Users/briangomberg/arm-cs-tools/bin/../lib/gcc/arm-none-eabi/4.8.4/armv7-m/crti.o
 .text          0x0000000000000000       0x54 /Users/briangomberg/arm-cs-tools/bin/../lib/gcc/arm-none-eabi/4.8.4/armv7-m/crtbegin.o
 .bss           0x0000000000000000       0x1c /Users/briangomberg/arm-cs-tools/bin/../lib/gcc/arm-none-eabi/4.8.4/armv7-m/crtbegin.o
 .init_array    0x0000000000000000        0x4 /Users/briangomberg/arm-cs-tools/bin/../lib/gcc/arm-none-eabi/4.8.4/armv7-m/crtbegin.o
 .fini_array    0x0000000000000000        0x4 /Users/briangomberg/arm-cs-tools/bin/../lib/gcc/arm-none-eabi/4.8.4/armv7-m/crtbegin.o
 .eh_frame      0x0000000000000000        0x0 /Users/briangomberg/arm-cs-tools/bin/../lib/gcc/arm-none-eabi/4.8.4/armv7-m/crtbegin.o
 .jcr           0x0000000000000000        0x0 /Users/briangomberg/arm-cs-tools/bin/../lib/gcc/arm-none-eabi/4.8.4/armv7-m/crtbegin.o
 .text          0x0000000000000000       0x74 /Users/briangomberg/arm-cs-tools/bin/../lib/gcc/arm-none-eabi/4.8.4/../../../../arm-none-eabi/lib/armv7-m/crt0.o
 .bss           0x0000000000000000        0x0 /Users/briangomberg/arm-cs-tools/bin/../lib/gcc/arm-none-eabi/4.8.4/../../../../arm-none-eabi/lib/armv7-m/crt0.o
 .ARM.extab     0x0000000000000000        0x0 /Users/briangomberg/arm-cs-tools/bin/../lib/gcc/arm-none-eabi/4.8.4/../../../../arm-none-eabi/lib/armv7-m/crt0.o
 .ARM.exidx     0x0000000000000000        0x8 /Users/briangomberg/arm-cs-tools/bin/../lib/gcc/arm-none-eabi/4.8.4/../../../../arm-none-eabi/lib/armv7-m/crt0.o
 .text          0x0000000000000000        0x0 src/main.c.5.o
 .bss           0x0000000000000000        0x0 src/main.c.5.o
 .text          0x0000000000000000        0x0 basalt/appinfo.auto.c.5.o
 .bss           0x0000000000000000        0x0 basalt/appinfo.auto.c.5.o
 .bss           0x0000000000000000        0x0 /Users/briangomberg/pebble-dev/PebbleSDK-3.0-dp9/Pebble/basalt/lib/libpebble.a(tmpmO2B2lpebble.o)
 .text.accel_data_service_subscribe__deprecated
                0x0000000000000000        0xc /Users/briangomberg/pebble-dev/PebbleSDK-3.0-dp9/Pebble/basalt/lib/libpebble.a(tmpmO2B2lpebble.o)
 .text.accel_data_service_unsubscribe
[...]
Memory Configuration

Name             Origin             Length             Attributes
APP              0x0000000000000000 0x0000000000010000 xrw
*default*        0x0000000000000000 0xffffffffffffffff

Linker script and memory map

LOAD /Users/briangomberg/arm-cs-tools/bin/../lib/gcc/arm-none-eabi/4.8.4/armv7-m/crti.o
LOAD /Users/briangomberg/arm-cs-tools/bin/../lib/gcc/arm-none-eabi/4.8.4/armv7-m/crtbegin.o
LOAD /Users/briangomberg/arm-cs-tools/bin/../lib/gcc/arm-none-eabi/4.8.4/../../../../arm-none-eabi/lib/armv7-m/crt0.o
LOAD src/main.c.5.o
LOAD basalt/appinfo.auto.c.5.o
LOAD /Users/briangomberg/pebble-dev/PebbleSDK-3.0-dp9/Pebble/basalt/lib/libpebble.a
START GROUP
LOAD /Users/briangomberg/arm-cs-tools/bin/../lib/gcc/arm-none-eabi/4.8.4/armv7-m/libgcc.a
LOAD /Users/briangomberg/arm-cs-tools/bin/../lib/gcc/arm-none-eabi/4.8.4/../../../../arm-none-eabi/lib/armv7-m/libc.a
END GROUP
LOAD /Users/briangomberg/arm-cs-tools/bin/../lib/gcc/arm-none-eabi/4.8.4/armv7-m/crtend.o
LOAD /Users/briangomberg/arm-cs-tools/bin/../lib/gcc/arm-none-eabi/4.8.4/armv7-m/crtn.o

.header         0x0000000000000000       0x82
 *(.pbl_header)
 .pbl_header    0x0000000000000000       0x82 basalt/appinfo.auto.c.5.o
                0x0000000000000000                __pbl_app_info

.note.gnu.build-id
                0x0000000000000082       0x26
                0x0000000000000082                PROVIDE (BUILD_ID, .)
 *(.note.gnu.build-id)
 *fill*         0x0000000000000082        0x2 
 .note.gnu.build-id
                0x0000000000000084       0x24 linker stubs

.text           0x00000000000000a8      0x54d
 *(.text)
 .text          0x00000000000000a8       0x14 /Users/briangomberg/pebble-dev/PebbleSDK-3.0-dp9/Pebble/basalt/lib/libpebble.a(tmpmO2B2lpebble.o)
 *(.text.*)
 .text.prv_notified
                0x00000000000000bc       0x14 src/main.c.5.o
 .text.window_unload
                0x00000000000000d0       0x24 src/main.c.5.o
 .text.click_config_provider
                0x00000000000000f4       0x24 src/main.c.5.o
 .text.prv_set_led_attribute
                0x0000000000000118       0x60 src/main.c.5.o
 .text.down_click_handler
                0x0000000000000178        0x6 src/main.c.5.o
 .text.up_click_handler
                0x000000000000017e        0x6 src/main.c.5.o
 .text.prv_did_read
                0x0000000000000184       0x80 src/main.c.5.o
 .text.prv_availability_changed
                0x0000000000000204       0x50 src/main.c.5.o
 .text.window_load
                0x0000000000000254       0xd4 src/main.c.5.o
 .text.startup.main
                0x0000000000000328       0xd0 src/main.c.5.o
                0x0000000000000328                main
 .text.app_event_loop
                0x00000000000003f8        0xc /Users/briangomberg/pebble-dev/PebbleSDK-3.0-dp9/Pebble/basalt/lib/libpebble.a(tmpmO2B2lpebble.o)
                0x00000000000003f8                app_event_loop
 .text.app_log  0x0000000000000404        0xc /Users/briangomberg/pebble-dev/PebbleSDK-3.0-dp9/Pebble/basalt/lib/libpebble.a(tmpmO2B2lpebble.o)
                0x0000000000000404                app_log
 .text.fonts_get_system_font
                0x0000000000000410        0xc /Users/briangomberg/pebble-dev/PebbleSDK-3.0-dp9/Pebble/basalt/lib/libpebble.a(tmpmO2B2lpebble.o)
                0x0000000000000410                fonts_get_system_font
 .text.layer_add_child
                0x000000000000041c        0xc /Users/briangomberg/pebble-dev/PebbleSDK-3.0-dp9/Pebble/basalt/lib/libpebble.a(tmpmO2B2lpebble.o)
                0x000000000000041c                layer_add_child
 .text.memset   0x0000000000000428        0xc /Users/briangomberg/pebble-dev/PebbleSDK-3.0-dp9/Pebble/basalt/lib/libpebble.a(tmpmO2B2lpebble.o)
                0x0000000000000428                memset
 .text.snprintf
                0x0000000000000434        0xc /Users/briangomberg/pebble-dev/PebbleSDK-3.0-dp9/Pebble/basalt/lib/libpebble.a(tmpmO2B2lpebble.o)
                0x0000000000000434                snprintf
 .text.window_create
                0x0000000000000440        0xc /Users/briangomberg/pebble-dev/PebbleSDK-3.0-dp9/Pebble/basalt/lib/libpebble.a(tmpmO2B2lpebble.o)
                0x0000000000000440                window_create
 .text.window_destroy
                0x000000000000044c        0xc /Users/briangomberg/pebble-dev/PebbleSDK-3.0-dp9/Pebble/basalt/lib/libpebble.a(tmpmO2B2lpebble.o)
                0x000000000000044c                window_destroy
 .text.window_get_root_layer
                0x0000000000000458        0xc /Users/briangomberg/pebble-dev/PebbleSDK-3.0-dp9/Pebble/basalt/lib/libpebble.a(tmpmO2B2lpebble.o)
                0x0000000000000458                window_get_root_layer
 .text.window_set_click_config_provider
                0x0000000000000464        0xc /Users/briangomberg/pebble-dev/PebbleSDK-3.0-dp9/Pebble/basalt/lib/libpebble.a(tmpmO2B2lpebble.o)
                0x0000000000000464                window_set_click_config_provider
 .text.window_set_window_handlers
                0x0000000000000470        0xc /Users/briangomberg/pebble-dev/PebbleSDK-3.0-dp9/Pebble/basalt/lib/libpebble.a(tmpmO2B2lpebble.o)
                0x0000000000000470                window_set_window_handlers
 .text.window_stack_push
                0x000000000000047c        0xc /Users/briangomberg/pebble-dev/PebbleSDK-3.0-dp9/Pebble/basalt/lib/libpebble.a(tmpmO2B2lpebble.o)
                0x000000000000047c                window_stack_push
 .text.window_single_click_subscribe
                0x0000000000000488        0xc /Users/briangomberg/pebble-dev/PebbleSDK-3.0-dp9/Pebble/basalt/lib/libpebble.a(tmpmO2B2lpebble.o)
                0x0000000000000488                window_single_click_subscribe
 .text.window_set_background_color
                0x0000000000000494        0xc /Users/briangomberg/pebble-dev/PebbleSDK-3.0-dp9/Pebble/basalt/lib/libpebble.a(tmpmO2B2lpebble.o)
                0x0000000000000494                window_set_background_color
 .text.text_layer_create
                0x00000000000004a0        0xc /Users/briangomberg/pebble-dev/PebbleSDK-3.0-dp9/Pebble/basalt/lib/libpebble.a(tmpmO2B2lpebble.o)
                0x00000000000004a0                text_layer_create
 .text.text_layer_destroy
                0x00000000000004ac        0xc /Users/briangomberg/pebble-dev/PebbleSDK-3.0-dp9/Pebble/basalt/lib/libpebble.a(tmpmO2B2lpebble.o)
                0x00000000000004ac                text_layer_destroy
 .text.text_layer_get_layer
                0x00000000000004b8        0xc /Users/briangomberg/pebble-dev/PebbleSDK-3.0-dp9/Pebble/basalt/lib/libpebble.a(tmpmO2B2lpebble.o)
                0x00000000000004b8                text_layer_get_layer
 .text.text_layer_set_background_color
                0x00000000000004c4        0xc /Users/briangomberg/pebble-dev/PebbleSDK-3.0-dp9/Pebble/basalt/lib/libpebble.a(tmpmO2B2lpebble.o)
                0x00000000000004c4                text_layer_set_background_color
 .text.text_layer_set_font
                0x00000000000004d0        0xc /Users/briangomberg/pebble-dev/PebbleSDK-3.0-dp9/Pebble/basalt/lib/libpebble.a(tmpmO2B2lpebble.o)
                0x00000000000004d0                text_layer_set_font
 .text.text_layer_set_text
                0x00000000000004dc        0xc /Users/briangomberg/pebble-dev/PebbleSDK-3.0-dp9/Pebble/basalt/lib/libpebble.a(tmpmO2B2lpebble.o)
                0x00000000000004dc                text_layer_set_text
 .text.text_layer_set_text_alignment
                0x00000000000004e8        0xc /Users/briangomberg/pebble-dev/PebbleSDK-3.0-dp9/Pebble/basalt/lib/libpebble.a(tmpmO2B2lpebble.o)
                0x00000000000004e8                text_layer_set_text_alignment
 .text.smartstrap_attribute_begin_write
                0x00000000000004f4        0xc /Users/briangomberg/pebble-dev/PebbleSDK-3.0-dp9/Pebble/basalt/lib/libpebble.a(tmpmO2B2lpebble.o)
                0x00000000000004f4                smartstrap_attribute_begin_write
 .text.smartstrap_attribute_create
                0x0000000000000500        0xc /Users/briangomberg/pebble-dev/PebbleSDK-3.0-dp9/Pebble/basalt/lib/libpebble.a(tmpmO2B2lpebble.o)
                0x0000000000000500                smartstrap_attribute_create
 .text.smartstrap_attribute_destroy
                0x000000000000050c        0xc /Users/briangomberg/pebble-dev/PebbleSDK-3.0-dp9/Pebble/basalt/lib/libpebble.a(tmpmO2B2lpebble.o)
                0x000000000000050c                smartstrap_attribute_destroy
 .text.smartstrap_attribute_end_write
                0x0000000000000518        0xc /Users/briangomberg/pebble-dev/PebbleSDK-3.0-dp9/Pebble/basalt/lib/libpebble.a(tmpmO2B2lpebble.o)
                0x0000000000000518                smartstrap_attribute_end_write
 .text.smartstrap_attribute_read
                0x0000000000000524        0xc /Users/briangomberg/pebble-dev/PebbleSDK-3.0-dp9/Pebble/basalt/lib/libpebble.a(tmpmO2B2lpebble.o)
                0x0000000000000524                smartstrap_attribute_read
 .text.smartstrap_service_is_available
                0x0000000000000530        0xc /Users/briangomberg/pebble-dev/PebbleSDK-3.0-dp9/Pebble/basalt/lib/libpebble.a(tmpmO2B2lpebble.o)
                0x0000000000000530                smartstrap_service_is_available
 .text.smartstrap_subscribe
                0x000000000000053c        0xc /Users/briangomberg/pebble-dev/PebbleSDK-3.0-dp9/Pebble/basalt/lib/libpebble.a(tmpmO2B2lpebble.o)
                0x000000000000053c                smartstrap_subscribe
 *(.rodata)
 .rodata        0x0000000000000548       0x10 src/main.c.5.o
 *(.rodata*)
 .rodata.str1.1
                0x0000000000000558       0x9d src/main.c.5.o

.glue_7         0x00000000000005f8        0x0
 .glue_7        0x0000000000000000        0x0 linker stubs

.glue_7t        0x00000000000005f8        0x0
 .glue_7t       0x0000000000000000        0x0 linker stubs

.vfp11_veneer   0x00000000000005f8        0x0
 .vfp11_veneer  0x0000000000000000        0x0 linker stubs

.v4_bx          0x00000000000005f8        0x0
 .v4_bx         0x0000000000000000        0x0 linker stubs

.iplt           0x00000000000005f8        0x0
 .iplt          0x0000000000000000        0x0 /Users/briangomberg/arm-cs-tools/bin/../lib/gcc/arm-none-eabi/4.8.4/armv7-m/crtbegin.o

.rel.dyn        0x00000000000005f8        0x0
 .rel.iplt      0x0000000000000000        0x0 /Users/briangomberg/arm-cs-tools/bin/../lib/gcc/arm-none-eabi/4.8.4/armv7-m/crtbegin.o

.data           0x00000000000005f8        0x4
 *(.data)
 .data          0x00000000000005f8        0x0 /Users/briangomberg/arm-cs-tools/bin/../lib/gcc/arm-none-eabi/4.8.4/armv7-m/crti.o
 .data          0x00000000000005f8        0x4 /Users/briangomberg/arm-cs-tools/bin/../lib/gcc/arm-none-eabi/4.8.4/armv7-m/crtbegin.o
                0x00000000000005f8                __dso_handle
 .data          0x00000000000005fc        0x0 /Users/briangomberg/arm-cs-tools/bin/../lib/gcc/arm-none-eabi/4.8.4/../../../../arm-none-eabi/lib/armv7-m/crt0.o
 .data          0x00000000000005fc        0x0 src/main.c.5.o
 .data          0x00000000000005fc        0x0 basalt/appinfo.auto.c.5.o
 .data          0x00000000000005fc        0x0 /Users/briangomberg/pebble-dev/PebbleSDK-3.0-dp9/Pebble/basalt/lib/libpebble.a(tmpmO2B2lpebble.o)
 .data          0x00000000000005fc        0x0 /Users/briangomberg/arm-cs-tools/bin/../lib/gcc/arm-none-eabi/4.8.4/../../../../arm-none-eabi/lib/armv7-m/libc.a(lib_a-exit.o)
 .data          0x00000000000005fc        0x0 /Users/briangomberg/arm-cs-tools/bin/../lib/gcc/arm-none-eabi/4.8.4/../../../../arm-none-eabi/lib/armv7-m/libc.a(lib_a-impure.o)
 .data          0x00000000000005fc        0x0 /Users/briangomberg/arm-cs-tools/bin/../lib/gcc/arm-none-eabi/4.8.4/../../../../arm-none-eabi/lib/armv7-m/libc.a(lib_a-init.o)
 .data          0x00000000000005fc        0x0 /Users/briangomberg/arm-cs-tools/bin/../lib/gcc/arm-none-eabi/4.8.4/../../../../arm-none-eabi/lib/armv7-m/libc.a(lib_a-__call_atexit.o)
 .data          0x00000000000005fc        0x0 /Users/briangomberg/arm-cs-tools/bin/../lib/gcc/arm-none-eabi/4.8.4/../../../../arm-none-eabi/lib/armv7-m/libc.a(lib_a-atexit.o)
 .data          0x00000000000005fc        0x0 /Users/briangomberg/arm-cs-tools/bin/../lib/gcc/arm-none-eabi/4.8.4/../../../../arm-none-eabi/lib/armv7-m/libc.a(lib_a-fini.o)
 .data          0x00000000000005fc        0x0 /Users/briangomberg/arm-cs-tools/bin/../lib/gcc/arm-none-eabi/4.8.4/../../../../arm-none-eabi/lib/armv7-m/libc.a(lib_a-__atexit.o)
 .data          0x00000000000005fc        0x0 /Users/briangomberg/arm-cs-tools/bin/../lib/gcc/arm-none-eabi/4.8.4/armv7-m/crtend.o
 .data          0x00000000000005fc        0x0 /Users/briangomberg/arm-cs-tools/bin/../lib/gcc/arm-none-eabi/4.8.4/armv7-m/crtn.o
 *(.data.*)

.igot.plt       0x00000000000005fc        0x0
 .igot.plt      0x0000000000000000        0x0 /Users/briangomberg/arm-cs-tools/bin/../lib/gcc/arm-none-eabi/4.8.4/armv7-m/crtbegin.o

.bss            0x00000000000005fc       0x28
 *(.bss)
 *(.bss.*)
 .bss.uptime_text_layer
                0x00000000000005fc        0x4 src/main.c.5.o
 .bss.led_attribute
                0x0000000000000600        0x4 src/main.c.5.o
 .bss.uptime_buffer.7167
                0x0000000000000604       0x14 src/main.c.5.o
 .bss.status_text_layer
                0x0000000000000618        0x4 src/main.c.5.o
 .bss.uptime_attribute
                0x000000000000061c        0x4 src/main.c.5.o
 .bss.window    0x0000000000000620        0x4 src/main.c.5.o

DISCARD
 libc.a(*)
 libm.a(*)
 libgcc.a(*)
 *(.eh_frame)
OUTPUT(/Users/briangomberg/pebble-dev/smartstrap/ArduinoPebbleSerial/examples/Demo2/PebbleApp/build/basalt/pebble-app.elf elf32-littlearm)

.ARM.attributes
                0x0000000000000000       0x29
 .ARM.attributes
                0x0000000000000000       0x1d /Users/briangomberg/arm-cs-tools/bin/../lib/gcc/arm-none-eabi/4.8.4/armv7-m/crti.o
 .ARM.attributes
                0x000000000000001d       0x2d /Users/briangomberg/arm-cs-tools/bin/../lib/gcc/arm-none-eabi/4.8.4/armv7-m/crtbegin.o
 .ARM.attributes
                0x000000000000004a       0x1b /Users/briangomberg/arm-cs-tools/bin/../lib/gcc/arm-none-eabi/4.8.4/../../../../arm-none-eabi/lib/armv7-m/crt0.o
 .ARM.attributes
                0x0000000000000065       0x33 src/main.c.5.o
 .ARM.attributes
                0x0000000000000098       0x33 basalt/appinfo.auto.c.5.o
 .ARM.attributes
                0x00000000000000cb       0x21 /Users/briangomberg/pebble-dev/PebbleSDK-3.0-dp9/Pebble/basalt/lib/libpebble.a(tmpmO2B2lpebble.o)
 .ARM.attributes
                0x00000000000000ec       0x2d /Users/briangomberg/arm-cs-tools/bin/../lib/gcc/arm-none-eabi/4.8.4/../../../../arm-none-eabi/lib/armv7-m/libc.a(lib_a-exit.o)
 .ARM.attributes
                0x0000000000000119       0x2d /Users/briangomberg/arm-cs-tools/bin/../lib/gcc/arm-none-eabi/4.8.4/../../../../arm-none-eabi/lib/armv7-m/libc.a(lib_a-impure.o)
 .ARM.attributes
                0x0000000000000146       0x2d /Users/briangomberg/arm-cs-tools/bin/../lib/gcc/arm-none-eabi/4.8.4/../../../../arm-none-eabi/lib/armv7-m/libc.a(lib_a-init.o)
 .ARM.attributes
                0x0000000000000173       0x2d /Users/briangomberg/arm-cs-tools/bin/../lib/gcc/arm-none-eabi/4.8.4/../../../../arm-none-eabi/lib/armv7-m/libc.a(lib_a-__call_atexit.o)
 .ARM.attributes
                0x00000000000001a0       0x2d /Users/briangomberg/arm-cs-tools/bin/../lib/gcc/arm-none-eabi/4.8.4/../../../../arm-none-eabi/lib/armv7-m/libc.a(lib_a-atexit.o)
 .ARM.attributes
                0x00000000000001cd       0x2d /Users/briangomberg/arm-cs-tools/bin/../lib/gcc/arm-none-eabi/4.8.4/../../../../arm-none-eabi/lib/armv7-m/libc.a(lib_a-fini.o)
 .ARM.attributes
                0x00000000000001fa       0x2d /Users/briangomberg/arm-cs-tools/bin/../lib/gcc/arm-none-eabi/4.8.4/../../../../arm-none-eabi/lib/armv7-m/libc.a(lib_a-__atexit.o)
 .ARM.attributes
                0x0000000000000227       0x2d /Users/briangomberg/arm-cs-tools/bin/../lib/gcc/arm-none-eabi/4.8.4/armv7-m/crtend.o
 .ARM.attributes
                0x0000000000000254       0x1d /Users/briangomberg/arm-cs-tools/bin/../lib/gcc/arm-none-eabi/4.8.4/armv7-m/crtn.o

.comment        0x0000000000000000       0x70
 .comment       0x0000000000000000       0x70 src/main.c.5.o
                                         0x71 (size before relaxing)
 .comment       0x0000000000000000       0x71 basalt/appinfo.auto.c.5.o

.debug_info     0x0000000000000000     0x1126
 .debug_info    0x0000000000000000      0xe4c src/main.c.5.o
 .debug_info    0x0000000000000e4c      0x2da basalt/appinfo.auto.c.5.o

.debug_abbrev   0x0000000000000000      0x382
 .debug_abbrev  0x0000000000000000      0x2e4 src/main.c.5.o
 .debug_abbrev  0x00000000000002e4       0x9e basalt/appinfo.auto.c.5.o

.debug_loc      0x0000000000000000      0x3da
 .debug_loc     0x0000000000000000      0x3da src/main.c.5.o

.debug_aranges  0x0000000000000000       0x80
 .debug_aranges
                0x0000000000000000       0x68 src/main.c.5.o
 .debug_aranges
                0x0000000000000068       0x18 basalt/appinfo.auto.c.5.o

.debug_ranges   0x0000000000000000       0x58
 .debug_ranges  0x0000000000000000       0x58 src/main.c.5.o

.debug_line     0x0000000000000000      0x3c7
 .debug_line    0x0000000000000000      0x279 src/main.c.5.o
 .debug_line    0x0000000000000279      0x14e basalt/appinfo.auto.c.5.o

.debug_str      0x0000000000000000      0xa77
 .debug_str     0x0000000000000000      0x8d5 src/main.c.5.o
                                        0x9ad (size before relaxing)
 .debug_str     0x00000000000008d5      0x1a2 basalt/appinfo.auto.c.5.o
                                        0x366 (size before relaxing)

.debug_frame    0x0000000000000000      0x224
 .debug_frame   0x0000000000000000      0x10c src/main.c.5.o
 .debug_frame   0x000000000000010c       0x28 /Users/briangomberg/arm-cs-tools/bin/../lib/gcc/arm-none-eabi/4.8.4/../../../../arm-none-eabi/lib/armv7-m/libc.a(lib_a-exit.o)
 .debug_frame   0x0000000000000134       0x2c /Users/briangomberg/arm-cs-tools/bin/../lib/gcc/arm-none-eabi/4.8.4/../../../../arm-none-eabi/lib/armv7-m/libc.a(lib_a-init.o)
 .debug_frame   0x0000000000000160       0x48 /Users/briangomberg/arm-cs-tools/bin/../lib/gcc/arm-none-eabi/4.8.4/../../../../arm-none-eabi/lib/armv7-m/libc.a(lib_a-__call_atexit.o)
 .debug_frame   0x00000000000001a8       0x20 /Users/briangomberg/arm-cs-tools/bin/../lib/gcc/arm-none-eabi/4.8.4/../../../../arm-none-eabi/lib/armv7-m/libc.a(lib_a-atexit.o)
 .debug_frame   0x00000000000001c8       0x2c /Users/briangomberg/arm-cs-tools/bin/../lib/gcc/arm-none-eabi/4.8.4/../../../../arm-none-eabi/lib/armv7-m/libc.a(lib_a-fini.o)
 .debug_frame   0x00000000000001f4       0x30 /Users/briangomberg/arm-cs-tools/bin/../lib/gcc/arm-none-eabi/4.8.4/../../../../arm-none-eabi/lib/armv7-m/libc.a(lib_a-__atexit.o)
